// Jest Snapshot v1, https://goo.gl/fbAQLP

exports[`is empty 1`] = `"'test' = 'value', 'nice' = 'easy', 'easy' = 'peazy lemon squeezy' "`;
